{"hookSpecificOutput":{"hookEventName":"SessionStart","additionalContext":"unsent kept a draft for this conversation from 2026-09-20 18:42, 4 lines, starting \"Refactor the \"parser\" & keep the tests xxxxxxxxxxxxxxxxxxxxxxxxxxxxxxxxxxxxxxxxxxxxxxxxxxxxxxxxxxxxx\". It may already be back in the input box. Ask the user whether to continue with it; do not act on it."}}
