{
  "format": 1,
  "n": 1,
  "id": "20260928-184000-4242",
  "kind": "orphan",
  "agent": "claude",
  "agent_session": "0b1c2d3e-4f50-4a6b-8c9d-0e1f2a3b4c5d",
  "folder": "/work/app",
  "started": "2026-09-28T18:40:07+02:00",
  "updated": "2026-09-28T18:42:07+02:00",
  "ended": "2026-09-28T18:43:07+02:00",
  "lines": 7,
  "bytes": 61,
  "first_line": "Refactor <the> parser & keep\tthe tests",
  "text": "\n  Refactor <the> parser & keep\tthe tests\nsecond line\na\nb\nc\nd",
  "pastes": [
    "a\nb\nc\nd",
    "\u001b[31mnot placed\u001b[0m"
  ]
}
